Archive member included to satisfy reference by file (symbol)

/opt/devkitpro/devkitARM/lib/gcc/arm-none-eabi/10.1.0/../../../../arm-none-eabi/lib/thumb/libg.a(lib_a-init.o)
                              /opt/devkitpro/devkitARM/lib/gcc/arm-none-eabi/10.1.0/../../../../arm-none-eabi/lib/thumb/gba_crt0.o (__libc_init_array)
/opt/devkitpro/devkitARM/lib/gcc/arm-none-eabi/10.1.0/../../../../arm-none-eabi/lib/thumb/libsysbase.a(malloc_vars.o)
                              /opt/devkitpro/devkitARM/lib/gcc/arm-none-eabi/10.1.0/../../../../arm-none-eabi/lib/thumb/gba_crt0.o (fake_heap_end)

Discarded input sections

 .text          0x0000000000000000        0x0 /opt/devkitpro/devkitARM/lib/gcc/arm-none-eabi/10.1.0/../../../../arm-none-eabi/lib/thumb/gba_crt0.o
 .data          0x0000000000000000        0x0 /opt/devkitpro/devkitARM/lib/gcc/arm-none-eabi/10.1.0/../../../../arm-none-eabi/lib/thumb/gba_crt0.o
 .bss           0x0000000000000000        0x0 /opt/devkitpro/devkitARM/lib/gcc/arm-none-eabi/10.1.0/../../../../arm-none-eabi/lib/thumb/gba_crt0.o
 .text          0x0000000000000000        0x0 /opt/devkitpro/devkitARM/lib/gcc/arm-none-eabi/10.1.0/thumb/crti.o
 .data          0x0000000000000000        0x0 /opt/devkitpro/devkitARM/lib/gcc/arm-none-eabi/10.1.0/thumb/crti.o
 .bss           0x0000000000000000        0x0 /opt/devkitpro/devkitARM/lib/gcc/arm-none-eabi/10.1.0/thumb/crti.o
 .text          0x0000000000000000        0x0 /opt/devkitpro/devkitARM/lib/gcc/arm-none-eabi/10.1.0/thumb/crtbegin.o
 .data          0x0000000000000000        0x0 /opt/devkitpro/devkitARM/lib/gcc/arm-none-eabi/10.1.0/thumb/crtbegin.o
 .bss           0x0000000000000000        0x0 /opt/devkitpro/devkitARM/lib/gcc/arm-none-eabi/10.1.0/thumb/crtbegin.o
 .data.__dso_handle
                0x0000000000000000        0x4 /opt/devkitpro/devkitARM/lib/gcc/arm-none-eabi/10.1.0/thumb/crtbegin.o
 .data          0x0000000000000000        0x0 armwrestler.o
 .bss           0x0000000000000000        0x0 armwrestler.o
 .data          0x0000000000000000        0x0 thumbwrestler.o
 .bss           0x0000000000000000        0x0 thumbwrestler.o
 .text          0x0000000000000000        0x0 /opt/devkitpro/devkitARM/lib/gcc/arm-none-eabi/10.1.0/../../../../arm-none-eabi/lib/thumb/libg.a(lib_a-init.o)
 .data          0x0000000000000000        0x0 /opt/devkitpro/devkitARM/lib/gcc/arm-none-eabi/10.1.0/../../../../arm-none-eabi/lib/thumb/libg.a(lib_a-init.o)
 .bss           0x0000000000000000        0x0 /opt/devkitpro/devkitARM/lib/gcc/arm-none-eabi/10.1.0/../../../../arm-none-eabi/lib/thumb/libg.a(lib_a-init.o)
 .text          0x0000000000000000        0x0 /opt/devkitpro/devkitARM/lib/gcc/arm-none-eabi/10.1.0/../../../../arm-none-eabi/lib/thumb/libsysbase.a(malloc_vars.o)
 .data          0x0000000000000000        0x0 /opt/devkitpro/devkitARM/lib/gcc/arm-none-eabi/10.1.0/../../../../arm-none-eabi/lib/thumb/libsysbase.a(malloc_vars.o)
 .bss           0x0000000000000000        0x0 /opt/devkitpro/devkitARM/lib/gcc/arm-none-eabi/10.1.0/../../../../arm-none-eabi/lib/thumb/libsysbase.a(malloc_vars.o)
 .bss.fake_heap_start
                0x0000000000000000        0x4 /opt/devkitpro/devkitARM/lib/gcc/arm-none-eabi/10.1.0/../../../../arm-none-eabi/lib/thumb/libsysbase.a(malloc_vars.o)
 .text          0x0000000000000000        0x0 /opt/devkitpro/devkitARM/lib/gcc/arm-none-eabi/10.1.0/thumb/crtend.o
 .data          0x0000000000000000        0x0 /opt/devkitpro/devkitARM/lib/gcc/arm-none-eabi/10.1.0/thumb/crtend.o
 .bss           0x0000000000000000        0x0 /opt/devkitpro/devkitARM/lib/gcc/arm-none-eabi/10.1.0/thumb/crtend.o
 .text          0x0000000000000000        0x0 /opt/devkitpro/devkitARM/lib/gcc/arm-none-eabi/10.1.0/thumb/crtn.o
 .data          0x0000000000000000        0x0 /opt/devkitpro/devkitARM/lib/gcc/arm-none-eabi/10.1.0/thumb/crtn.o
 .bss           0x0000000000000000        0x0 /opt/devkitpro/devkitARM/lib/gcc/arm-none-eabi/10.1.0/thumb/crtn.o

Memory Configuration

Name             Origin             Length             Attributes
rom              0x0000000008000000 0x0000000002000000
iwram            0x0000000003000000 0x0000000000008000
ewram            0x0000000002000000 0x0000000000040000
*default*        0x0000000000000000 0xffffffffffffffff

Linker script and memory map

                0x0000000008000000                __text_start = ORIGIN (rom)
                0x0000000002040000                __eheap_end = (ORIGIN (ewram) + LENGTH (ewram))
                0x0000000003000000                __iwram_start = ORIGIN (iwram)
                0x0000000003008000                __iwram_top = (ORIGIN (iwram) + LENGTH (iwram))
                0x0000000003007fa0                __sp_irq = (__iwram_top - 0x60)
                0x0000000003007f00                __sp_usr = (__sp_irq - 0xa0)
                0x0000000003007ff8                __irq_flags = 0x3007ff8
                0x0000000008000000                . = __text_start

.crt0           0x0000000008000000      0x210
 *(.crt0)
 .crt0          0x0000000008000000      0x210 /opt/devkitpro/devkitARM/lib/gcc/arm-none-eabi/10.1.0/../../../../arm-none-eabi/lib/thumb/gba_crt0.o
                0x0000000008000000                _start
                0x00000000080000c4                __boot_method
                0x00000000080000c5                __slave_number
                0x00000000080000e0                start_vector
                0x0000000008000210                . = ALIGN (0x4)

.init           0x0000000008000210        0xc
 *(SORT_NONE(.init))
 .init          0x0000000008000210        0x4 /opt/devkitpro/devkitARM/lib/gcc/arm-none-eabi/10.1.0/thumb/crti.o
                0x0000000008000210                _init
 .init          0x0000000008000214        0x8 /opt/devkitpro/devkitARM/lib/gcc/arm-none-eabi/10.1.0/thumb/crtn.o

.plt            0x000000000800021c        0x0
 *(.plt)
                0x000000000800021c                . = ALIGN (0x4)

.text           0x0000000008000220     0x3fe8
 *(EXCLUDE_FILE(*.iwram*) .text*)
 .text.deregister_tm_clones
                0x0000000008000220       0x2c /opt/devkitpro/devkitARM/lib/gcc/arm-none-eabi/10.1.0/thumb/crtbegin.o
 .text.register_tm_clones
                0x000000000800024c       0x34 /opt/devkitpro/devkitARM/lib/gcc/arm-none-eabi/10.1.0/thumb/crtbegin.o
 .text.__do_global_dtors_aux
                0x0000000008000280       0x30 /opt/devkitpro/devkitARM/lib/gcc/arm-none-eabi/10.1.0/thumb/crtbegin.o
 .text.frame_dummy
                0x00000000080002b0       0x28 /opt/devkitpro/devkitARM/lib/gcc/arm-none-eabi/10.1.0/thumb/crtbegin.o
 .text          0x00000000080002d8     0x37d8 armwrestler.o
                0x00000000080002d8                main
                0x0000000008000340                forever
                0x00000000080021ac                romvar
                0x00000000080021b0                romvar2
                0x00000000080021b4                romvar3
                0x00000000080021cc                palette
                0x0000000008002240                font
                0x000000000800382b                szLDRtype
                0x0000000008003a74                szSelect2
                0x0000000008003a7c                szNext
                0x0000000008003a82                szStart
                0x0000000008003a8f                szMenu
 .text          0x0000000008003ab0      0x708 thumbwrestler.o
                0x0000000008003ab0                _tmbmain
 .text.__libc_init_array
                0x00000000080041b8       0x50 /opt/devkitpro/devkitARM/lib/gcc/arm-none-eabi/10.1.0/../../../../arm-none-eabi/lib/thumb/libg.a(lib_a-init.o)
                0x00000000080041b8                __libc_init_array
 *(.gnu.linkonce.t.*)
 *(.text.*personality*)
 *(.gnu.warning)
 *(.glue_7t)
 .glue_7t       0x0000000008004208        0x0 linker stubs
 *(.glue_7)
 .glue_7        0x0000000008004208        0x0 linker stubs
 *(.vfp11_veneer)
 .vfp11_veneer  0x0000000008004208        0x0 linker stubs
                0x0000000008004208                . = ALIGN (0x4)
                0x0000000008004208                __text_end = .

.v4_bx          0x0000000008004208        0x0
 .v4_bx         0x0000000008004208        0x0 linker stubs

.iplt           0x0000000008004208        0x0
 .iplt          0x0000000008004208        0x0 /opt/devkitpro/devkitARM/lib/gcc/arm-none-eabi/10.1.0/../../../../arm-none-eabi/lib/thumb/gba_crt0.o

.fini           0x0000000008004208        0xc
 *(.fini)
 .fini          0x0000000008004208        0x4 /opt/devkitpro/devkitARM/lib/gcc/arm-none-eabi/10.1.0/thumb/crti.o
                0x0000000008004208                _fini
 .fini          0x000000000800420c        0x8 /opt/devkitpro/devkitARM/lib/gcc/arm-none-eabi/10.1.0/thumb/crtn.o
                0x0000000008004214                . = ALIGN (0x4)

.rodata         0x0000000008004214        0x0
 *(.rodata)
 *all.rodata*(*)
 *(.roda)
 *(.rodata.*)
 *(.gnu.linkonce.r*)
                0x0000000008004214                . = ALIGN (0x4)

.ARM.extab
 *(.ARM.extab* .gnu.linkonce.armextab.*)
                0x0000000008004214                __exidx_start = .

.ARM.exidx
 *(.ARM.exidx* .gnu.linkonce.armexidx.*)
                0x0000000008004214                __exidx_end = .

.ctors          0x0000000008004214        0x0
 *crtbegin.o(.ctors)
 *(EXCLUDE_FILE(*crtend.o) .ctors)
 *(SORT_BY_NAME(.ctors.*))
 *(.ctors)
                0x0000000008004214                . = ALIGN (0x4)

.dtors          0x0000000008004214        0x0
 *crtbegin.o(.dtors)
 *(EXCLUDE_FILE(*crtend.o) .dtors)
 *(SORT_BY_NAME(.dtors.*))
 *(.dtors)
                0x0000000008004214                . = ALIGN (0x4)

.eh_frame       0x0000000008004214        0x4
 *(.eh_frame)
 .eh_frame      0x0000000008004214        0x0 /opt/devkitpro/devkitARM/lib/gcc/arm-none-eabi/10.1.0/thumb/crtbegin.o
 .eh_frame      0x0000000008004214        0x4 /opt/devkitpro/devkitARM/lib/gcc/arm-none-eabi/10.1.0/thumb/crtend.o
                0x0000000008004218                . = ALIGN (0x4)

.rel.dyn        0x0000000008004218        0x0
 .rel.iplt      0x0000000008004218        0x0 /opt/devkitpro/devkitARM/lib/gcc/arm-none-eabi/10.1.0/../../../../arm-none-eabi/lib/thumb/gba_crt0.o

.gcc_except_table
                0x0000000008004218        0x0
 *(.gcc_except_table)
                0x0000000008004218                . = ALIGN (0x4)
                0x0000000008004218                __iwram_lma = .

.iwram          0x0000000003000000        0x0 load address 0x0000000008004218
                0x0000000003000000                __iwram_start__ = ABSOLUTE (.)
 *(.iwram .iwram*)
 *iwram.*(.text* .data*)
                0x0000000003000000                . = ALIGN (0x4)
                0x0000000003000000                __iwram_end__ = ABSOLUTE (.)
                0x0000000008004218                __data_lma = (__iwram_lma + SIZEOF (.iwram))

.bss            0x0000000003000000       0x20
                0x0000000003000000                __bss_start = ABSOLUTE (.)
                0x0000000003000000                __bss_start__ = ABSOLUTE (.)
 *(.dynbss)
 *(.gnu.linkonce.b*)
 *(.bss*)
 .bss.completed.1
                0x0000000003000000        0x1 /opt/devkitpro/devkitARM/lib/gcc/arm-none-eabi/10.1.0/thumb/crtbegin.o
 *fill*         0x0000000003000001        0x3 
 .bss.object.0  0x0000000003000004       0x18 /opt/devkitpro/devkitARM/lib/gcc/arm-none-eabi/10.1.0/thumb/crtbegin.o
 .bss.fake_heap_end
                0x000000000300001c        0x4 /opt/devkitpro/devkitARM/lib/gcc/arm-none-eabi/10.1.0/../../../../arm-none-eabi/lib/thumb/libsysbase.a(malloc_vars.o)
                0x000000000300001c                fake_heap_end
 *(COMMON)
                0x0000000003000020                . = ALIGN (0x4)
                0x0000000003000020                __bss_end__ = ABSOLUTE (.)

.data           0x0000000003000020        0x0 load address 0x0000000008004218
                0x0000000003000020                __data_start__ = ABSOLUTE (.)
 *(.data*)
 *(.gnu.linkonce.d*)
                0x0000000003000020                . = ALIGN (0x4)
                0x0000000008004218                __preinit_lma = (__data_lma + SIZEOF (.data))

.igot.plt       0x0000000003000000        0x0
 .igot.plt      0x0000000003000000        0x0 /opt/devkitpro/devkitARM/lib/gcc/arm-none-eabi/10.1.0/../../../../arm-none-eabi/lib/thumb/gba_crt0.o

.tm_clone_table
                0x0000000003000000        0x0
 .tm_clone_table
                0x0000000003000000        0x0 /opt/devkitpro/devkitARM/lib/gcc/arm-none-eabi/10.1.0/thumb/crtbegin.o
 .tm_clone_table
                0x0000000003000000        0x0 /opt/devkitpro/devkitARM/lib/gcc/arm-none-eabi/10.1.0/thumb/crtend.o

.preinit_array  0x0000000003000020        0x0 load address 0x0000000008004218
                0x0000000003000020                __preinit_array_start = ABSOLUTE (.)
 *(.preinit_array)
                0x0000000003000020                __preinit_array_end = ABSOLUTE (.)
                0x0000000008004218                __init_lma = (__preinit_lma + SIZEOF (.preinit_array))

.init_array     0x0000000003000020        0x4 load address 0x0000000008004218
                0x0000000003000020                __init_array_start = ABSOLUTE (.)
 *(SORT_BY_NAME(.init_array.*))
 *(.init_array)
 .init_array    0x0000000003000020        0x4 /opt/devkitpro/devkitARM/lib/gcc/arm-none-eabi/10.1.0/thumb/crtbegin.o
                0x0000000003000024                __init_array_end = ABSOLUTE (.)
                0x000000000800421c                __fini_lma = (__init_lma + SIZEOF (.init_array))

.fini_array     0x0000000003000024        0x4 load address 0x000000000800421c
                0x0000000003000024                __fini_array_start = ABSOLUTE (.)
 *(SORT_BY_NAME(.fini_array.*))
 *(.fini_array)
 .fini_array    0x0000000003000024        0x4 /opt/devkitpro/devkitARM/lib/gcc/arm-none-eabi/10.1.0/thumb/crtbegin.o
                0x0000000003000028                __fini_array_end = ABSOLUTE (.)
                0x0000000008004220                __jcr_lma = (__fini_lma + SIZEOF (.fini_array))

.jcr            0x0000000003000028        0x0 load address 0x0000000008004220
 *(.jcr)
                0x0000000003000028                __data_end__ = ABSOLUTE (.)
                0x0000000008004220                __iwram_overlay_lma = (__jcr_lma + SIZEOF (.jcr))
                0x0000000003000028                __iwram_overlay_start = .

.iwram0         0x0000000003000028        0x0 load address 0x0000000008004220
 *(.iwram0)
                0x0000000003000028                . = ALIGN (0x4)
                0x0000000008004220                PROVIDE (__load_start_iwram0 = LOADADDR (.iwram0))
                0x0000000008004220                PROVIDE (__load_stop_iwram0 = (LOADADDR (.iwram0) + SIZEOF (.iwram0)))

.iwram1         0x0000000003000028        0x0
 *(.iwram1)
                0x0000000003000028                . = ALIGN (0x4)
                [!provide]                        PROVIDE (__load_start_iwram1 = LOADADDR (.iwram1))
                [!provide]                        PROVIDE (__load_stop_iwram1 = (LOADADDR (.iwram1) + SIZEOF (.iwram1)))

.iwram2         0x0000000003000028        0x0
 *(.iwram2)
                0x0000000003000028                . = ALIGN (0x4)
                [!provide]                        PROVIDE (__load_start_iwram2 = LOADADDR (.iwram2))
                [!provide]                        PROVIDE (__load_stop_iwram2 = (LOADADDR (.iwram2) + SIZEOF (.iwram2)))

.iwram3         0x0000000003000028        0x0
 *(.iwram3)
                0x0000000003000028                . = ALIGN (0x4)
                [!provide]                        PROVIDE (__load_start_iwram3 = LOADADDR (.iwram3))
                [!provide]                        PROVIDE (__load_stop_iwram3 = (LOADADDR (.iwram3) + SIZEOF (.iwram3)))

.iwram4         0x0000000003000028        0x0
 *(.iwram4)
                0x0000000003000028                . = ALIGN (0x4)
                [!provide]                        PROVIDE (__load_start_iwram4 = LOADADDR (.iwram4))
                [!provide]                        PROVIDE (__load_stop_iwram4 = (LOADADDR (.iwram4) + SIZEOF (.iwram4)))

.iwram5         0x0000000003000028        0x0
 *(.iwram5)
                0x0000000003000028                . = ALIGN (0x4)
                [!provide]                        PROVIDE (__load_start_iwram5 = LOADADDR (.iwram5))
                [!provide]                        PROVIDE (__load_stop_iwram5 = (LOADADDR (.iwram5) + SIZEOF (.iwram5)))

.iwram6         0x0000000003000028        0x0
 *(.iwram6)
                0x0000000003000028                . = ALIGN (0x4)
                [!provide]                        PROVIDE (__load_start_iwram6 = LOADADDR (.iwram6))
                [!provide]                        PROVIDE (__load_stop_iwram6 = (LOADADDR (.iwram6) + SIZEOF (.iwram6)))

.iwram7         0x0000000003000028        0x0
 *(.iwram7)
                0x0000000003000028                . = ALIGN (0x4)
                [!provide]                        PROVIDE (__load_start_iwram7 = LOADADDR (.iwram7))
                [!provide]                        PROVIDE (__load_stop_iwram7 = (LOADADDR (.iwram7) + SIZEOF (.iwram7)))

.iwram8         0x0000000003000028        0x0
 *(.iwram8)
                0x0000000003000028                . = ALIGN (0x4)
                [!provide]                        PROVIDE (__load_start_iwram8 = LOADADDR (.iwram8))
                [!provide]                        PROVIDE (__load_stop_iwram8 = (LOADADDR (.iwram8) + SIZEOF (.iwram8)))

.iwram9         0x0000000003000028        0x0
 *(.iwram9)
                0x0000000003000028                . = ALIGN (0x4)
                [!provide]                        PROVIDE (__load_start_iwram9 = LOADADDR (.iwram9))
                [!provide]                        PROVIDE (__load_stop_iwram9 = (LOADADDR (.iwram9) + SIZEOF (.iwram9)))
                0x0000000003000028                __iwram_overlay_end = .
                0x0000000008004220                __ewram_lma = (__iwram_overlay_lma + (__iwram_overlay_end - __iwram_overlay_start))
                0x0000000003000028                __iheap_start = .
                0x0000000002000000                __ewram_start = ORIGIN (ewram)

.ewram          0x0000000002000000        0x0 load address 0x0000000008004220
 *(.ewram*)
                0x0000000002000000                . = ALIGN (0x4)
                0x0000000002000000                __ewram_end = ABSOLUTE (.)
                0x0000000008004220                __pad_lma = (__ewram_lma + SIZEOF (.ewram))

.sbss           0x0000000002000000        0x0
                0x0000000002000000                __sbss_start__ = ABSOLUTE (.)
 *(.sbss*)
                0x0000000002000000                . = ALIGN (0x4)
                0x0000000002000000                __sbss_end__ = ABSOLUTE (.)
                0x0000000002000000                __end__ = ABSOLUTE (.)
                0x0000000002000000                __eheap_start = ABSOLUTE (.)

.pad            0x0000000002000000        0x8 load address 0x0000000008004220
                0x0000000002000000        0x4 LONG 0x52416b64
                0x0000000002000004        0x4 LONG 0x4d
                0x0000000002000008                . = ALIGN (0x4)
                0x0000000008004228                __rom_end__ = (__pad_lma + SIZEOF (.pad))

.stab
 *(.stab)

.stabstr
 *(.stabstr)

.stab.excl
 *(.stab.excl)

.stab.exclstr
 *(.stab.exclstr)

.stab.index
 *(.stab.index)

.stab.indexstr
 *(.stab.indexstr)

.comment        0x0000000000000000       0x23
 *(.comment)
 .comment       0x0000000000000000       0x23 /opt/devkitpro/devkitARM/lib/gcc/arm-none-eabi/10.1.0/thumb/crtbegin.o
                                         0x24 (size before relaxing)
 .comment       0x0000000000000023       0x24 /opt/devkitpro/devkitARM/lib/gcc/arm-none-eabi/10.1.0/../../../../arm-none-eabi/lib/thumb/libg.a(lib_a-init.o)
 .comment       0x0000000000000023       0x24 /opt/devkitpro/devkitARM/lib/gcc/arm-none-eabi/10.1.0/../../../../arm-none-eabi/lib/thumb/libsysbase.a(malloc_vars.o)
 .comment       0x0000000000000023       0x24 /opt/devkitpro/devkitARM/lib/gcc/arm-none-eabi/10.1.0/thumb/crtend.o

.debug
 *(.debug)

.line
 *(.line)

.debug_srcinfo
 *(.debug_srcinfo)

.debug_sfnames
 *(.debug_sfnames)

.debug_aranges
 *(.debug_aranges)

.debug_pubnames
 *(.debug_pubnames)

.debug_info
 *(.debug_info)

.debug_abbrev
 *(.debug_abbrev)

.debug_line
 *(.debug_line)

.debug_frame
 *(.debug_frame)

.debug_str
 *(.debug_str)

.debug_loc
 *(.debug_loc)

.debug_macinfo
 *(.debug_macinfo)

.debug_weaknames
 *(.debug_weaknames)

.debug_funcnames
 *(.debug_funcnames)

.debug_typenames
 *(.debug_typenames)

.debug_varnames
 *(.debug_varnames)

.stack          0x0000000000080000        0x0
                0x0000000000080000                _stack = .
 *(.stack)

.note.gnu.arm.ident
 *(.note.gnu.arm.ident)

.ARM.attributes
                0x0000000000000000       0x2c
 *(.ARM.attributes)
 .ARM.attributes
                0x0000000000000000       0x20 /opt/devkitpro/devkitARM/lib/gcc/arm-none-eabi/10.1.0/../../../../arm-none-eabi/lib/thumb/gba_crt0.o
 .ARM.attributes
                0x0000000000000020       0x1c /opt/devkitpro/devkitARM/lib/gcc/arm-none-eabi/10.1.0/thumb/crti.o
 .ARM.attributes
                0x000000000000003c       0x2a /opt/devkitpro/devkitARM/lib/gcc/arm-none-eabi/10.1.0/thumb/crtbegin.o
 .ARM.attributes
                0x0000000000000066       0x1a armwrestler.o
 .ARM.attributes
                0x0000000000000080       0x1a thumbwrestler.o
 .ARM.attributes
                0x000000000000009a       0x2a /opt/devkitpro/devkitARM/lib/gcc/arm-none-eabi/10.1.0/../../../../arm-none-eabi/lib/thumb/libg.a(lib_a-init.o)
 .ARM.attributes
                0x00000000000000c4       0x30 /opt/devkitpro/devkitARM/lib/gcc/arm-none-eabi/10.1.0/../../../../arm-none-eabi/lib/thumb/libsysbase.a(malloc_vars.o)
 .ARM.attributes
                0x00000000000000f4       0x30 /opt/devkitpro/devkitARM/lib/gcc/arm-none-eabi/10.1.0/thumb/crtend.o
 .ARM.attributes
                0x0000000000000124       0x1c /opt/devkitpro/devkitARM/lib/gcc/arm-none-eabi/10.1.0/thumb/crtn.o

/DISCARD/
 *(.note.GNU-stack)
LOAD /opt/devkitpro/devkitARM/lib/gcc/arm-none-eabi/10.1.0/../../../../arm-none-eabi/lib/thumb/gba_crt0.o
LOAD /opt/devkitpro/devkitARM/lib/gcc/arm-none-eabi/10.1.0/thumb/crti.o
LOAD /opt/devkitpro/devkitARM/lib/gcc/arm-none-eabi/10.1.0/thumb/crtbegin.o
LOAD armwrestler.o
LOAD thumbwrestler.o
LOAD /opt/devkitpro/libgba/lib/libgba.a
START GROUP
LOAD /opt/devkitpro/devkitARM/lib/gcc/arm-none-eabi/10.1.0/thumb/libgcc.a
LOAD /opt/devkitpro/devkitARM/lib/gcc/arm-none-eabi/10.1.0/../../../../arm-none-eabi/lib/thumb/libg.a
LOAD /opt/devkitpro/devkitARM/lib/gcc/arm-none-eabi/10.1.0/../../../../arm-none-eabi/lib/thumb/libc.a
LOAD /opt/devkitpro/devkitARM/lib/gcc/arm-none-eabi/10.1.0/../../../../arm-none-eabi/lib/thumb/libsysbase.a
END GROUP
LOAD /opt/devkitpro/devkitARM/lib/gcc/arm-none-eabi/10.1.0/thumb/crtend.o
LOAD /opt/devkitpro/devkitARM/lib/gcc/arm-none-eabi/10.1.0/thumb/crtn.o
OUTPUT(/home/regulus/projects/armwrestler-gba-fixed/armwrestler-gba-fixed.elf elf32-littlearm)
